// Jest Snapshot v1, https://goo.gl/fbAQLP

exports[`brand list test render successfully  1`] = `
<div>
  <div
    class="container"
  >
    <h3>
      All Categories
    </h3>
    <ul
      class="listContainer"
    />
  </div>
</div>
`;
