// Jest Snapshot v1, https://goo.gl/fbAQLP

exports[`renders the home component correctly 1`] = `
<div>
  <div>
    <div
      class="navContainer"
    >
      <header
        class="container"
      >
        <nav>
          <a
            class="mainIcon"
            href="/"
          >
            PoSub
          </a>
        </nav>
        <nav>
          <ul
            class="list"
          >
            <li
              class="listItem"
            >
              <a
                href="/contact"
              >
                Contact
              </a>
            </li>
            <li
              class="listItem"
            >
              <a
                href="/category"
              >
                Category
              </a>
            </li>
          </ul>
        </nav>
      </header>
    </div>
    <p>
      The home page
    </p>
    <h1>
      I changed this homepage
    </h1>
    <img
      alt="tree frog"
      src="treefrog.jpg"
    />
    <div>
      <form>
        <label
          for="myTextId"
        >
          Input
        </label>
        <input
          id="myTextId"
          name="myText"
          type="text"
        />
        <label
          for="myDropdownId"
        >
          Input
        </label>
        <select
          id="myDropdownId"
          name="myDropdown"
        >
          <option
            value="foo"
          >
            Foo
          </option>
          <option
            value="bar"
          >
            Bar
          </option>
          <option
            value="baz"
          >
            Baz
          </option>
        </select>
        <input
          type="submit"
          value="Send it"
        />
      </form>
    </div>
  </div>
</div>
`;
